Info: Starting: Create block symbol file (.bsf)
Info: qsys-generate D:\CPEN391\l2c-42-sava\FFT_VGA_combined\Quartus\vga_system.qsys --block-symbol-file --output-directory=D:\CPEN391\l2c-42-sava\FFT_VGA_combined\Quartus\vga_system --family="Cyclone V" --part=5CSEMA5F31C6
Progress: Loading Quartus/vga_system.qsys
Progress: Reading input file
Progress: Adding clk_0 [clock_source 19.1]
Progress: Parameterizing module clk_0
Progress: Adding fft_accel_0 [fft_accel 1.0]
Progress: Parameterizing module fft_accel_0
Progress: Adding jtag_uart_0 [altera_avalon_jtag_uart 19.1]
Progress: Parameterizing module jtag_uart_0
Progress: Adding new_sdram_controller_0 [altera_avalon_new_sdram_controller 19.1]
Progress: Parameterizing module new_sdram_controller_0
Progress: Adding nios2_gen2_0 [altera_nios2_gen2 19.1]
Progress: Parameterizing module nios2_gen2_0
Progress: Adding pll_0 [altera_pll 19.1]
Progress: Parameterizing module pll_0
Progress: Adding ram_1 [altera_avalon_onchip_memory2 19.1]
Progress: Parameterizing module ram_1
Progress: Adding ram_2 [altera_avalon_onchip_memory2 19.1]
Progress: Parameterizing module ram_2
Progress: Adding ram_3 [altera_avalon_onchip_memory2 19.1]
Progress: Parameterizing module ram_3
Progress: Adding ram_4 [altera_avalon_onchip_memory2 19.1]
Progress: Parameterizing module ram_4
Progress: Adding ram_instr [altera_avalon_onchip_memory2 19.1]
Progress: Parameterizing module ram_instr
Progress: Adding rs232_0 [altera_up_avalon_rs232 17.1]
Progress: Parameterizing module rs232_0
Progress: Adding timer_0 [altera_avalon_timer 19.1]
Progress: Parameterizing module timer_0
Progress: Adding vga_integrate_0 [vga_integrate 1.0]
Progress: Parameterizing module vga_integrate_0
Progress: Building connections
Progress: Parameterizing connections
Progress: Validating
Progress: Done reading input file
Info: vga_system.jtag_uart_0: JTAG UART IP input clock need to be at least double (2x) the operating frequency of JTAG TCK on board
Info: vga_system.new_sdram_controller_0: SDRAM Controller will only be supported in Quartus Prime Standard Edition in the future release.
Info: vga_system.pll_0: The legal reference clock frequency is 5.0 MHz..800.0 MHz
Info: vga_system.pll_0: Able to implement PLL with user settings
Info: qsys-generate succeeded.
Info: Finished: Create block symbol file (.bsf)
Info: 
Info: Starting: Create HDL design files for synthesis
Info: qsys-generate D:\CPEN391\l2c-42-sava\FFT_VGA_combined\Quartus\vga_system.qsys --synthesis=VERILOG --output-directory=D:\CPEN391\l2c-42-sava\FFT_VGA_combined\Quartus\vga_system\synthesis --family="Cyclone V" --part=5CSEMA5F31C6
Progress: Loading Quartus/vga_system.qsys
Progress: Reading input file
Progress: Adding clk_0 [clock_source 19.1]
Progress: Parameterizing module clk_0
Progress: Adding fft_accel_0 [fft_accel 1.0]
Progress: Parameterizing module fft_accel_0
Progress: Adding jtag_uart_0 [altera_avalon_jtag_uart 19.1]
Progress: Parameterizing module jtag_uart_0
Progress: Adding new_sdram_controller_0 [altera_avalon_new_sdram_controller 19.1]
Progress: Parameterizing module new_sdram_controller_0
Progress: Adding nios2_gen2_0 [altera_nios2_gen2 19.1]
Progress: Parameterizing module nios2_gen2_0
Progress: Adding pll_0 [altera_pll 19.1]
Progress: Parameterizing module pll_0
Progress: Adding ram_1 [altera_avalon_onchip_memory2 19.1]
Progress: Parameterizing module ram_1
Progress: Adding ram_2 [altera_avalon_onchip_memory2 19.1]
Progress: Parameterizing module ram_2
Progress: Adding ram_3 [altera_avalon_onchip_memory2 19.1]
Progress: Parameterizing module ram_3
Progress: Adding ram_4 [altera_avalon_onchip_memory2 19.1]
Progress: Parameterizing module ram_4
Progress: Adding ram_instr [altera_avalon_onchip_memory2 19.1]
Progress: Parameterizing module ram_instr
Progress: Adding rs232_0 [altera_up_avalon_rs232 17.1]
Progress: Parameterizing module rs232_0
Progress: Adding timer_0 [altera_avalon_timer 19.1]
Progress: Parameterizing module timer_0
Progress: Adding vga_integrate_0 [vga_integrate 1.0]
Progress: Parameterizing module vga_integrate_0
Progress: Building connections
Progress: Parameterizing connections
Progress: Validating
Progress: Done reading input file
Info: vga_system.jtag_uart_0: JTAG UART IP input clock need to be at least double (2x) the operating frequency of JTAG TCK on board
Info: vga_system.new_sdram_controller_0: SDRAM Controller will only be supported in Quartus Prime Standard Edition in the future release.
Info: vga_system.pll_0: The legal reference clock frequency is 5.0 MHz..800.0 MHz
Info: vga_system.pll_0: Able to implement PLL with user settings
Info: vga_system: Generating vga_system "vga_system" for QUARTUS_SYNTH
Info: fft_accel_0: "vga_system" instantiated fft_accel "fft_accel_0"
Info: jtag_uart_0: Starting RTL generation for module 'vga_system_jtag_uart_0'
Info: jtag_uart_0:   Generation command is [exec D:/intel2/quartus/bin64/perl/bin/perl.exe -I D:/intel2/quartus/sopc_builder/bin/europa -I D:/intel2/quartus/sopc_builder/bin -I D:/intel2/quartus/../ip/altera/sopc_builder_ip/common -I D:/intel2/quartus/../ip/altera/sopc_builder_ip/altera_avalon_jtag_uart -- D:/intel2/quartus/../ip/altera/sopc_builder_ip/altera_avalon_jtag_uart/generate_rtl.pl --name=vga_system_jtag_uart_0 --dir=C:/Users/SYLVIA~1/AppData/Local/Temp/alt9458_1683976256882866223.dir/0003_jtag_uart_0_gen/ --quartus_dir=D:/intel2/quartus --verilog --config=C:/Users/SYLVIA~1/AppData/Local/Temp/alt9458_1683976256882866223.dir/0003_jtag_uart_0_gen//vga_system_jtag_uart_0_component_configuration.pl  --do_build_sim=0  ]
Info: jtag_uart_0: Done RTL generation for module 'vga_system_jtag_uart_0'
Info: jtag_uart_0: "vga_system" instantiated altera_avalon_jtag_uart "jtag_uart_0"
Info: new_sdram_controller_0: Starting RTL generation for module 'vga_system_new_sdram_controller_0'
Info: new_sdram_controller_0:   Generation command is [exec D:/intel2/quartus/bin64/perl/bin/perl.exe -I D:/intel2/quartus/sopc_builder/bin/europa -I D:/intel2/quartus/sopc_builder/bin -I D:/intel2/quartus/../ip/altera/sopc_builder_ip/common -I D:/intel2/quartus/../ip/altera/sopc_builder_ip/altera_avalon_new_sdram_controller -- D:/intel2/quartus/../ip/altera/sopc_builder_ip/altera_avalon_new_sdram_controller/generate_rtl.pl --name=vga_system_new_sdram_controller_0 --dir=C:/Users/SYLVIA~1/AppData/Local/Temp/alt9458_1683976256882866223.dir/0004_new_sdram_controller_0_gen/ --quartus_dir=D:/intel2/quartus --verilog --config=C:/Users/SYLVIA~1/AppData/Local/Temp/alt9458_1683976256882866223.dir/0004_new_sdram_controller_0_gen//vga_system_new_sdram_controller_0_component_configuration.pl  --do_build_sim=0  ]
Info: new_sdram_controller_0: Done RTL generation for module 'vga_system_new_sdram_controller_0'
Info: new_sdram_controller_0: "vga_system" instantiated altera_avalon_new_sdram_controller "new_sdram_controller_0"
Info: nios2_gen2_0: "vga_system" instantiated altera_nios2_gen2 "nios2_gen2_0"
Info: pll_0: "vga_system" instantiated altera_pll "pll_0"
Info: ram_1: Starting RTL generation for module 'vga_system_ram_1'
Info: ram_1:   Generation command is [exec D:/intel2/quartus/bin64/perl/bin/perl.exe -I D:/intel2/quartus/sopc_builder/bin/europa -I D:/intel2/quartus/sopc_builder/bin -I D:/intel2/quartus/../ip/altera/sopc_builder_ip/common -I D:/intel2/quartus/../ip/altera/sopc_builder_ip/altera_avalon_onchip_memory2 -- D:/intel2/quartus/../ip/altera/sopc_builder_ip/altera_avalon_onchip_memory2/generate_rtl.pl --name=vga_system_ram_1 --dir=C:/Users/SYLVIA~1/AppData/Local/Temp/alt9458_1683976256882866223.dir/0006_ram_1_gen/ --quartus_dir=D:/intel2/quartus --verilog --config=C:/Users/SYLVIA~1/AppData/Local/Temp/alt9458_1683976256882866223.dir/0006_ram_1_gen//vga_system_ram_1_component_configuration.pl  --do_build_sim=0  ]
Info: ram_1: Done RTL generation for module 'vga_system_ram_1'
Info: ram_1: "vga_system" instantiated altera_avalon_onchip_memory2 "ram_1"
Info: ram_2: Starting RTL generation for module 'vga_system_ram_2'
Info: ram_2:   Generation command is [exec D:/intel2/quartus/bin64/perl/bin/perl.exe -I D:/intel2/quartus/sopc_builder/bin/europa -I D:/intel2/quartus/sopc_builder/bin -I D:/intel2/quartus/../ip/altera/sopc_builder_ip/common -I D:/intel2/quartus/../ip/altera/sopc_builder_ip/altera_avalon_onchip_memory2 -- D:/intel2/quartus/../ip/altera/sopc_builder_ip/altera_avalon_onchip_memory2/generate_rtl.pl --name=vga_system_ram_2 --dir=C:/Users/SYLVIA~1/AppData/Local/Temp/alt9458_1683976256882866223.dir/0007_ram_2_gen/ --quartus_dir=D:/intel2/quartus --verilog --config=C:/Users/SYLVIA~1/AppData/Local/Temp/alt9458_1683976256882866223.dir/0007_ram_2_gen//vga_system_ram_2_component_configuration.pl  --do_build_sim=0  ]
Info: ram_2: Done RTL generation for module 'vga_system_ram_2'
Info: ram_2: "vga_system" instantiated altera_avalon_onchip_memory2 "ram_2"
Info: ram_3: Starting RTL generation for module 'vga_system_ram_3'
Info: ram_3:   Generation command is [exec D:/intel2/quartus/bin64/perl/bin/perl.exe -I D:/intel2/quartus/sopc_builder/bin/europa -I D:/intel2/quartus/sopc_builder/bin -I D:/intel2/quartus/../ip/altera/sopc_builder_ip/common -I D:/intel2/quartus/../ip/altera/sopc_builder_ip/altera_avalon_onchip_memory2 -- D:/intel2/quartus/../ip/altera/sopc_builder_ip/altera_avalon_onchip_memory2/generate_rtl.pl --name=vga_system_ram_3 --dir=C:/Users/SYLVIA~1/AppData/Local/Temp/alt9458_1683976256882866223.dir/0008_ram_3_gen/ --quartus_dir=D:/intel2/quartus --verilog --config=C:/Users/SYLVIA~1/AppData/Local/Temp/alt9458_1683976256882866223.dir/0008_ram_3_gen//vga_system_ram_3_component_configuration.pl  --do_build_sim=0  ]
Info: ram_3: Done RTL generation for module 'vga_system_ram_3'
Info: ram_3: "vga_system" instantiated altera_avalon_onchip_memory2 "ram_3"
Info: ram_4: Starting RTL generation for module 'vga_system_ram_4'
Info: ram_4:   Generation command is [exec D:/intel2/quartus/bin64/perl/bin/perl.exe -I D:/intel2/quartus/sopc_builder/bin/europa -I D:/intel2/quartus/sopc_builder/bin -I D:/intel2/quartus/../ip/altera/sopc_builder_ip/common -I D:/intel2/quartus/../ip/altera/sopc_builder_ip/altera_avalon_onchip_memory2 -- D:/intel2/quartus/../ip/altera/sopc_builder_ip/altera_avalon_onchip_memory2/generate_rtl.pl --name=vga_system_ram_4 --dir=C:/Users/SYLVIA~1/AppData/Local/Temp/alt9458_1683976256882866223.dir/0009_ram_4_gen/ --quartus_dir=D:/intel2/quartus --verilog --config=C:/Users/SYLVIA~1/AppData/Local/Temp/alt9458_1683976256882866223.dir/0009_ram_4_gen//vga_system_ram_4_component_configuration.pl  --do_build_sim=0  ]
Info: ram_4: Done RTL generation for module 'vga_system_ram_4'
Info: ram_4: "vga_system" instantiated altera_avalon_onchip_memory2 "ram_4"
Info: ram_instr: Starting RTL generation for module 'vga_system_ram_instr'
Info: ram_instr:   Generation command is [exec D:/intel2/quartus/bin64/perl/bin/perl.exe -I D:/intel2/quartus/sopc_builder/bin/europa -I D:/intel2/quartus/sopc_builder/bin -I D:/intel2/quartus/../ip/altera/sopc_builder_ip/common -I D:/intel2/quartus/../ip/altera/sopc_builder_ip/altera_avalon_onchip_memory2 -- D:/intel2/quartus/../ip/altera/sopc_builder_ip/altera_avalon_onchip_memory2/generate_rtl.pl --name=vga_system_ram_instr --dir=C:/Users/SYLVIA~1/AppData/Local/Temp/alt9458_1683976256882866223.dir/0010_ram_instr_gen/ --quartus_dir=D:/intel2/quartus --verilog --config=C:/Users/SYLVIA~1/AppData/Local/Temp/alt9458_1683976256882866223.dir/0010_ram_instr_gen//vga_system_ram_instr_component_configuration.pl  --do_build_sim=0  ]
Info: ram_instr: Done RTL generation for module 'vga_system_ram_instr'
Info: ram_instr: "vga_system" instantiated altera_avalon_onchip_memory2 "ram_instr"
Info: rs232_0: Starting Generation of RS232 UART
Info: rs232_0: "vga_system" instantiated altera_up_avalon_rs232 "rs232_0"
Info: timer_0: Starting RTL generation for module 'vga_system_timer_0'
Info: timer_0:   Generation command is [exec D:/Intel2/quartus/bin64//perl/bin/perl.exe -I D:/intel2/quartus/sopc_builder/bin/europa -I D:/intel2/quartus/sopc_builder/bin -I D:/intel2/quartus/../ip/altera/sopc_builder_ip/common -I D:/intel2/quartus/../ip/altera/sopc_builder_ip/altera_avalon_timer -- D:/intel2/quartus/../ip/altera/sopc_builder_ip/altera_avalon_timer/generate_rtl.pl --name=vga_system_timer_0 --dir=C:/Users/SYLVIA~1/AppData/Local/Temp/alt9458_1683976256882866223.dir/0012_timer_0_gen/ --quartus_dir=D:/intel2/quartus --verilog --config=C:/Users/SYLVIA~1/AppData/Local/Temp/alt9458_1683976256882866223.dir/0012_timer_0_gen//vga_system_timer_0_component_configuration.pl  --do_build_sim=0  ]
Info: timer_0: Done RTL generation for module 'vga_system_timer_0'
Info: timer_0: "vga_system" instantiated altera_avalon_timer "timer_0"
Info: vga_integrate_0: "vga_system" instantiated vga_integrate "vga_integrate_0"
Info: avalon_st_adapter: Inserting error_adapter: error_adapter_0
Info: avalon_st_adapter_001: Inserting error_adapter: error_adapter_0
Info: avalon_st_adapter_002: Inserting error_adapter: error_adapter_0
Info: avalon_st_adapter_003: Inserting error_adapter: error_adapter_0
Info: avalon_st_adapter_004: Inserting error_adapter: error_adapter_0
Info: avalon_st_adapter_005: Inserting error_adapter: error_adapter_0
Info: avalon_st_adapter_006: Inserting error_adapter: error_adapter_0
Info: avalon_st_adapter_007: Inserting error_adapter: error_adapter_0
Info: avalon_st_adapter_008: Inserting error_adapter: error_adapter_0
Info: avalon_st_adapter_009: Inserting error_adapter: error_adapter_0
Info: avalon_st_adapter_010: Inserting error_adapter: error_adapter_0
Info: avalon_st_adapter_011: Inserting error_adapter: error_adapter_0
Info: mm_interconnect_0: "vga_system" instantiated altera_mm_interconnect "mm_interconnect_0"
Info: irq_mapper: "vga_system" instantiated altera_irq_mapper "irq_mapper"
Info: rst_controller: "vga_system" instantiated altera_reset_controller "rst_controller"
Info: cpu: Starting RTL generation for module 'vga_system_nios2_gen2_0_cpu'
Info: cpu:   Generation command is [exec D:/Intel2/quartus/bin64//perl/bin/perl.exe -I D:/intel2/quartus/sopc_builder/bin/europa -I D:/intel2/quartus/sopc_builder/bin -I D:/intel2/quartus/../ip/altera/nios2_ip/altera_nios2_gen2/cpu_lib -I D:/intel2/quartus/../ip/altera/nios2_ip/altera_nios2_gen2/nios_lib -I D:/intel2/quartus/../ip/altera/nios2_ip/altera_nios2_gen2 -I D:/intel2/quartus/../ip/altera/nios2_ip/altera_nios2_gen2 -- D:/intel2/quartus/../ip/altera/nios2_ip/altera_nios2_gen2/generate_rtl.pl --name=vga_system_nios2_gen2_0_cpu --dir=C:/Users/SYLVIA~1/AppData/Local/Temp/alt9458_1683976256882866223.dir/0016_cpu_gen/ --quartus_bindir=D:/Intel2/quartus/bin64/ --verilog --config=C:/Users/SYLVIA~1/AppData/Local/Temp/alt9458_1683976256882866223.dir/0016_cpu_gen//vga_system_nios2_gen2_0_cpu_processor_configuration.pl  --do_build_sim=0  ]
Info: cpu: # 2023.04.11 16:29:44 (*) Starting Nios II generation
Info: cpu: # 2023.04.11 16:29:44 (*)   Elaborating CPU configuration settings
Info: cpu: # 2023.04.11 16:29:45 (*)   Creating all objects for CPU
Info: cpu: # 2023.04.11 16:29:45 (*)   Generating RTL from CPU objects
Info: cpu: # 2023.04.11 16:29:45 (*)   Creating plain-text RTL
Info: cpu: # 2023.04.11 16:29:46 (*) Done Nios II generation
Info: cpu: Done RTL generation for module 'vga_system_nios2_gen2_0_cpu'
Info: cpu: "nios2_gen2_0" instantiated altera_nios2_gen2_unit "cpu"
Info: fft_accel_0_avalon_master_1_translator: "mm_interconnect_0" instantiated altera_merlin_master_translator "fft_accel_0_avalon_master_1_translator"
Info: ram_1_s1_translator: "mm_interconnect_0" instantiated altera_merlin_slave_translator "ram_1_s1_translator"
Info: fft_accel_0_avalon_master_1_agent: "mm_interconnect_0" instantiated altera_merlin_master_agent "fft_accel_0_avalon_master_1_agent"
Info: ram_1_s1_agent: "mm_interconnect_0" instantiated altera_merlin_slave_agent "ram_1_s1_agent"
Info: ram_1_s1_agent_rsp_fifo: "mm_interconnect_0" instantiated altera_avalon_sc_fifo "ram_1_s1_agent_rsp_fifo"
Info: router: "mm_interconnect_0" instantiated altera_merlin_router "router"
Info: router_001: "mm_interconnect_0" instantiated altera_merlin_router "router_001"
Info: router_002: "mm_interconnect_0" instantiated altera_merlin_router "router_002"
Info: router_003: "mm_interconnect_0" instantiated altera_merlin_router "router_003"
Info: router_004: "mm_interconnect_0" instantiated altera_merlin_router "router_004"
Info: router_005: "mm_interconnect_0" instantiated altera_merlin_router "router_005"
Info: router_006: "mm_interconnect_0" instantiated altera_merlin_router "router_006"
Info: router_007: "mm_interconnect_0" instantiated altera_merlin_router "router_007"
Info: router_008: "mm_interconnect_0" instantiated altera_merlin_router "router_008"
Info: router_012: "mm_interconnect_0" instantiated altera_merlin_router "router_012"
Info: router_015: "mm_interconnect_0" instantiated altera_merlin_router "router_015"
Info: router_016: "mm_interconnect_0" instantiated altera_merlin_router "router_016"
Info: router_017: "mm_interconnect_0" instantiated altera_merlin_router "router_017"
Info: new_sdram_controller_0_s1_burst_adapter: "mm_interconnect_0" instantiated altera_merlin_burst_adapter "new_sdram_controller_0_s1_burst_adapter"
Info: cmd_demux: "mm_interconnect_0" instantiated altera_merlin_demultiplexer "cmd_demux"
Info: cmd_demux_001: "mm_interconnect_0" instantiated altera_merlin_demultiplexer "cmd_demux_001"
Info: cmd_demux_005: "mm_interconnect_0" instantiated altera_merlin_demultiplexer "cmd_demux_005"
Info: cmd_mux: "mm_interconnect_0" instantiated altera_merlin_multiplexer "cmd_mux"
Info: cmd_mux_002: "mm_interconnect_0" instantiated altera_merlin_multiplexer "cmd_mux_002"
Info: Reusing file D:/CPEN391/l2c-42-sava/FFT_VGA_combined/Quartus/vga_system/synthesis/submodules/altera_merlin_arbitrator.sv
Info: rsp_demux: "mm_interconnect_0" instantiated altera_merlin_demultiplexer "rsp_demux"
Info: rsp_mux: "mm_interconnect_0" instantiated altera_merlin_multiplexer "rsp_mux"
Info: Reusing file D:/CPEN391/l2c-42-sava/FFT_VGA_combined/Quartus/vga_system/synthesis/submodules/altera_merlin_arbitrator.sv
Info: rsp_mux_001: "mm_interconnect_0" instantiated altera_merlin_multiplexer "rsp_mux_001"
Info: Reusing file D:/CPEN391/l2c-42-sava/FFT_VGA_combined/Quartus/vga_system/synthesis/submodules/altera_merlin_arbitrator.sv
Info: rsp_mux_005: "mm_interconnect_0" instantiated altera_merlin_multiplexer "rsp_mux_005"
Info: Reusing file D:/CPEN391/l2c-42-sava/FFT_VGA_combined/Quartus/vga_system/synthesis/submodules/altera_merlin_arbitrator.sv
Info: new_sdram_controller_0_s1_rsp_width_adapter: "mm_interconnect_0" instantiated altera_merlin_width_adapter "new_sdram_controller_0_s1_rsp_width_adapter"
Info: Reusing file D:/CPEN391/l2c-42-sava/FFT_VGA_combined/Quartus/vga_system/synthesis/submodules/altera_merlin_address_alignment.sv
Info: Reusing file D:/CPEN391/l2c-42-sava/FFT_VGA_combined/Quartus/vga_system/synthesis/submodules/altera_merlin_burst_uncompressor.sv
Info: avalon_st_adapter: "mm_interconnect_0" instantiated altera_avalon_st_adapter "avalon_st_adapter"
Info: avalon_st_adapter_006: "mm_interconnect_0" instantiated altera_avalon_st_adapter "avalon_st_adapter_006"
Info: error_adapter_0: "avalon_st_adapter" instantiated error_adapter "error_adapter_0"
Info: error_adapter_0: "avalon_st_adapter_006" instantiated error_adapter "error_adapter_0"
Info: vga_system: Done "vga_system" with 51 modules, 87 files
Info: qsys-generate succeeded.
Info: Finished: Create HDL design files for synthesis
